[apps.calbar.ca.gov/attorney/Licensee/Detail/119074.html]
[backblue.gif]
[fade.gif]
[index.html]
[apps.calbar.ca.gov/attorney/Content/font-awesome/css/font-awesome.min.css]
[kendo.cdn.telerik.com/2021.1.224/styles/kendo.default-v2.min.css]
[kendo.cdn.telerik.com/2021.1.224/js/jszip.min.js]
[kendo.cdn.telerik.com/2021.1.224/js/kendo.aspnetmvc.min.js]
[apps.calbar.ca.gov/attorney/Scripts/kendo.modernizr.custom.js]
[connect.facebook.net/en_US/fbevents.js]
[js.hs-scripts.com/22118717.js]
[kendo.cdn.telerik.com/2021.1.224/js/kendo.all.min.js]
[archive.calbar.ca.gov/skins/css/base_theme/simplytheme.css]
[archive.calbar.ca.gov/skins/css/base_theme/simplytheme_editor.css]
[archive.calbar.ca.gov/skins/css/sbc_blue.css]
[archive.calbar.ca.gov/skins/css/header.css]
[archive.calbar.ca.gov/skins/css/mmenu.css]
[archive.calbar.ca.gov/skins/css/footer.css]
[archive.calbar.ca.gov/skins/css/site-common.css]
[apps.calbar.ca.gov/attorney/Content/css/site-custom.css]
[cdn.gtranslate.net/widgets/latest/dropdown.js]
[archive.calbar.ca.gov/skins/scripts/menujs/script.js]
[archive.calbar.ca.gov/skins/scripts/menujs/responsive_menu.bootstrap.js]
[archive.calbar.ca.gov/skins/scripts/menujs/mmenu.js]
[archive.calbar.ca.gov/skins/scripts/menujs/remove-wrapper.js]
[apps.calbar.ca.gov/attorney/Content/scripts/scripts.js]
[apps.calbar.ca.gov/attorney/Content/scripts/scripts_attysrch56fa.js]
[apps.calbar.ca.gov/attorney/Licensee/Detail/119074.html]
[www.googletagmanager.com/gtm5445.html]
[apps.calbar.ca.gov/attorney/Content/font-awesome/css/font-awesome.min.css]
[kendo.cdn.telerik.com/2021.1.224/styles/kendo.default-v2.min.css]
[apps.calbar.ca.gov/attorney/Licensee/Detail/t.html]
[apps.calbar.ca.gov/attorney/Licensee/Detail/t.resolvedLink]
[apps.calbar.ca.gov/attorney/Licensee/Detail/signals/config/index.html]
[apps.calbar.ca.gov/attorney/Licensee/Detail/e.html]
[apps.calbar.ca.gov/attorney/Licensee/Detail/signals/plugins/index.html]
[apps.calbar.ca.gov/signals/iwl.js]
[apps.calbar.ca.gov/signals/iwl0fc5.js]
[apps.calbar.ca.gov/attorney/Licensee/Detail/n.dl]
[apps.calbar.ca.gov/attorney/Licensee/Detail/n.rl]
[connect.facebook.net/en_US/fbevents.js]
[apps.calbar.ca.gov/attorney/Licensee/Detail/schema.org/index.html]
[apps.calbar.ca.gov/attorney/Licensee/Detail/o.html]
[archive.calbar.ca.gov/skins/src/img/iconography/loading-small.gif]
[archive.calbar.ca.gov/skins/src/img/iconography/application-octet-stream.png]
[archive.calbar.ca.gov/skins/src/img/iconography/package-x-generic.png]
[archive.calbar.ca.gov/skins/src/img/iconography/x-office-spreadsheet.png]
[archive.calbar.ca.gov/skins/src/img/iconography/x-office-document.png]
[archive.calbar.ca.gov/skins/src/img/iconography/x-office-presentation.png]
[archive.calbar.ca.gov/skins/src/img/iconography/text-x-script.png]
[archive.calbar.ca.gov/skins/src/img/iconography/text-html.png]
[archive.calbar.ca.gov/skins/src/img/iconography/text-plain.png]
[archive.calbar.ca.gov/skins/src/img/iconography/application-pdf.png]
[archive.calbar.ca.gov/skins/src/img/iconography/application-x-executable.png]
[archive.calbar.ca.gov/skins/src/img/iconography/audio-x-generic.png]
[archive.calbar.ca.gov/skins/src/img/iconography/video-x-generic.png]
[archive.calbar.ca.gov/skins/src/img/iconography/text-x-generic.png]
[archive.calbar.ca.gov/skins/src/img/iconography/image-x-generic.png]
[archive.calbar.ca.gov/skins/src/img/iconography/help.png]
[archive.calbar.ca.gov/skins/src/img/iconography/menu-expanded.png]
[archive.calbar.ca.gov/skins/src/img/iconography/menu-collapsed.png]
[archive.calbar.ca.gov/skins/src/img/iconography/menu-collapsed-rtl.png]
[archive.calbar.ca.gov/skins/img/iconography/dots-background.png]
[archive.calbar.ca.gov/skins/css/base_theme/simplytheme.css]
[archive.calbar.ca.gov/skins/css/base_theme/simplytheme_editor.css]
[archive.calbar.ca.gov/skins/css/sbc_blue.css]
[archive.calbar.ca.gov/skins/css/header.css]
[archive.calbar.ca.gov/skins/css/mmenu.css]
[archive.calbar.ca.gov/skins/css/footer.css]
[archive.calbar.ca.gov/skins/css/site-common.css]
[apps.calbar.ca.gov/attorney/Content/css/site-custom.css]
[apps.calbar.ca.gov/attorney/Licensee/Detail/signals/config/index.html]
[apps.calbar.ca.gov/attorney/Licensee/Detail/t.html]
[apps.calbar.ca.gov/attorney/Licensee/Detail/e.html]
[apps.calbar.ca.gov/attorney/Licensee/Detail/signals/plugins/index.html]
[apps.calbar.ca.gov/attorney/Licensee/Detail/schema.org/index.html]
[apps.calbar.ca.gov/attorney/Licensee/Detail/t-2.html]
[apps.calbar.ca.gov/attorney/Licensee/Detail/o.html]
[apps.calbar.ca.gov/signals/iwl.html]
[apps.calbar.ca.gov/signals/iwl0fc5.html]
[apps.calbar.ca.gov/attorney/Licensee/Detail/n.html]
[apps.calbar.ca.gov/attorney/Licensee/Detail/n-2.html]
